; ModuleID = 'test'
source_filename = "<string>"

define i64 @main() {
  ret i64 0
}
